src/components/auth/AuthGuard.tsx(1,10): error TS1484: 'ReactNode' is a type and must be imported using a type-only import when 'verbatimModuleSyntax' is enabled.
src/components/layout/Sidebar.tsx(1,1): error TS6133: 'React' is declared but its value is never read.
src/pages/audit-log/AuditLogPage.tsx(3,1): error TS6133: 'useAuthStore' is declared but its value is never read.
