
> pesantren-saas-api@1.0.0 test
> jest --verbose --no-cache

npm : FAIL src/modules/analytics/analytics.service.spec.ts (27.075 s)
At line:1 char:1
+ npm test -- --verbose --no-cache > test-results.txt 2>&1
+ ~~~~~~~~~~~~~~~~~~~~~~~~~~~~~~~~~~~~~~~~~~~~~~~~~~~~~~~~
    + CategoryInfo          : NotSpecified: (FAIL src/module...c.ts (27.075 s):S 
   tring) [], RemoteException
    + FullyQualifiedErrorId : NativeCommandError
 
  AnalyticsService
    ├ù should be defined (35 ms)

  ΓùÅ AnalyticsService ΓÇ║ should be defined

    Nest can't resolve dependencies of the AnalyticsService (?). Please make sure
 that the argument PrismaService at index [0] is available in the RootTestModule 
context.

    Potential solutions:
    - Is RootTestModule a valid NestJS module?
    - If PrismaService is a provider, is it part of the current RootTestModule?
    - If PrismaService is exported from a separate @Module, is that module import
ed within RootTestModule?
      @Module({
        imports: [ /* the Module containing PrismaService */ ]
      })

    [0m [90m  6 |[39m
     [90m  7 |[39m   beforeEach([36masync[39m () [33m=>[39m {
    [31m[1m>[22m[39m[90m  8 |[39m     [36mconst[39m module[33m:[39m [3
3mTestingModule[39m [33m=[39m [36mawait[39m [33mTest[39m[33m.[39mcreateT
estingModule({
     [90m    |[39m                                   [31m[1m^[22m[39m
     [90m  9 |[39m       providers[33m:[39m [[33mAnalyticsService[39m][33m
,[39m
     [90m 10 |[39m     })[33m.[39mcompile()[33m;[39m
     [90m 11 |[39m[0m

      at TestingInjector.lookupComponentInParentModules (../node_modules/@nestjs/
core/injector/injector.js:262:19)
      at TestingInjector.resolveComponentInstance (../node_modules/@nestjs/core/i
njector/injector.js:215:33)
      at TestingInjector.resolveComponentInstance (../node_modules/@nestjs/testin
g/testing-injector.js:19:45)
      at resolveParam (../node_modules/@nestjs/core/injector/injector.js:129:38)
          at async Promise.all (index 0)
      at TestingInjector.resolveConstructorParams (../node_modules/@nestjs/core/i
njector/injector.js:144:27)
      at TestingInjector.loadInstance (../node_modules/@nestjs/core/injector/inje
ctor.js:70:13)
      at TestingInjector.loadProvider (../node_modules/@nestjs/core/injector/inje
ctor.js:98:9)
      at ../node_modules/@nestjs/core/injector/instance-loader.js:56:13
          at async Promise.all (index 3)
      at TestingInstanceLoader.createInstancesOfProviders (../node_modules/@nestj
s/core/injector/instance-loader.js:55:9)
      at ../node_modules/@nestjs/core/injector/instance-loader.js:40:13
          at async Promise.all (index 1)
      at TestingInstanceLoader.createInstances (../node_modules/@nestjs/core/inje
ctor/instance-loader.js:39:9)
      at TestingInstanceLoader.createInstancesOfDependencies (../node_modules/@ne
stjs/core/injector/instance-loader.js:22:13)
      at TestingInstanceLoader.createInstancesOfDependencies (../node_modules/@ne
stjs/testing/testing-instance-loader.js:9:9)
      at TestingModuleBuilder.createInstancesOfDependencies (../node_modules/@nes
tjs/testing/testing-module.builder.js:118:9)
      at TestingModuleBuilder.compile (../node_modules/@nestjs/testing/testing-mo
dule.builder.js:74:9)
      at Object.<anonymous> (modules/analytics/analytics.service.spec.ts:8:35)

FAIL src/modules/external-notification/external-notification.service.spec.ts (27.
434 s)
  ExternalNotificationService
    ├ù should be defined (35 ms)

  ΓùÅ ExternalNotificationService ΓÇ║ should be defined

    Nest can't resolve dependencies of the ExternalNotificationService (?). Pleas
e make sure that the argument ConfigService at index [0] is available in the Root
TestModule context.

    Potential solutions:
    - Is RootTestModule a valid NestJS module?
    - If ConfigService is a provider, is it part of the current RootTestModule?
    - If ConfigService is exported from a separate @Module, is that module import
ed within RootTestModule?
      @Module({
        imports: [ /* the Module containing ConfigService */ ]
      })

    [0m [90m  6 |[39m
     [90m  7 |[39m   beforeEach([36masync[39m () [33m=>[39m {
    [31m[1m>[22m[39m[90m  8 |[39m     [36mconst[39m module[33m:[39m [3
3mTestingModule[39m [33m=[39m [36mawait[39m [33mTest[39m[33m.[39mcreateT
estingModule({
     [90m    |[39m                                   [31m[1m^[22m[39m
     [90m  9 |[39m       providers[33m:[39m [[33mExternalNotificationService
[39m][33m,[39m
     [90m 10 |[39m     })[33m.[39mcompile()[33m;[39m
     [90m 11 |[39m[0m

      at TestingInjector.lookupComponentInParentModules (../node_modules/@nestjs/
core/injector/injector.js:262:19)
      at TestingInjector.resolveComponentInstance (../node_modules/@nestjs/core/i
njector/injector.js:215:33)
      at TestingInjector.resolveComponentInstance (../node_modules/@nestjs/testin
g/testing-injector.js:19:45)
      at resolveParam (../node_modules/@nestjs/core/injector/injector.js:129:38)
          at async Promise.all (index 0)
      at TestingInjector.resolveConstructorParams (../node_modules/@nestjs/core/i
njector/injector.js:144:27)
      at TestingInjector.loadInstance (../node_modules/@nestjs/core/injector/inje
ctor.js:70:13)
      at TestingInjector.loadProvider (../node_modules/@nestjs/core/injector/inje
ctor.js:98:9)
      at ../node_modules/@nestjs/core/injector/instance-loader.js:56:13
          at async Promise.all (index 3)
      at TestingInstanceLoader.createInstancesOfProviders (../node_modules/@nestj
s/core/injector/instance-loader.js:55:9)
      at ../node_modules/@nestjs/core/injector/instance-loader.js:40:13
          at async Promise.all (index 1)
      at TestingInstanceLoader.createInstances (../node_modules/@nestjs/core/inje
ctor/instance-loader.js:39:9)
      at TestingInstanceLoader.createInstancesOfDependencies (../node_modules/@ne
stjs/core/injector/instance-loader.js:22:13)
      at TestingInstanceLoader.createInstancesOfDependencies (../node_modules/@ne
stjs/testing/testing-instance-loader.js:9:9)
      at TestingModuleBuilder.createInstancesOfDependencies (../node_modules/@nes
tjs/testing/testing-module.builder.js:118:9)
      at TestingModuleBuilder.compile (../node_modules/@nestjs/testing/testing-mo
dule.builder.js:74:9)
      at Object.<anonymous> (modules/external-notification/external-notification.
service.spec.ts:8:35)

FAIL src/modules/upload/upload.service.spec.ts (27.504 s)
  UploadService
    ├ù should be defined (33 ms)

  ΓùÅ UploadService ΓÇ║ should be defined

    Nest can't resolve dependencies of the UploadService (?). Please make sure th
at the argument ConfigService at index [0] is available in the RootTestModule con
text.

    Potential solutions:
    - Is RootTestModule a valid NestJS module?
    - If ConfigService is a provider, is it part of the current RootTestModule?
    - If ConfigService is exported from a separate @Module, is that module import
ed within RootTestModule?
      @Module({
        imports: [ /* the Module containing ConfigService */ ]
      })

    [0m [90m  6 |[39m
     [90m  7 |[39m   beforeEach([36masync[39m () [33m=>[39m {
    [31m[1m>[22m[39m[90m  8 |[39m     [36mconst[39m module[33m:[39m [3
3mTestingModule[39m [33m=[39m [36mawait[39m [33mTest[39m[33m.[39mcreateT
estingModule({
     [90m    |[39m                                   [31m[1m^[22m[39m
     [90m  9 |[39m       providers[33m:[39m [[33mUploadService[39m][33m,[
39m
     [90m 10 |[39m     })[33m.[39mcompile()[33m;[39m
     [90m 11 |[39m[0m

      at TestingInjector.lookupComponentInParentModules (../node_modules/@nestjs/
core/injector/injector.js:262:19)
      at TestingInjector.resolveComponentInstance (../node_modules/@nestjs/core/i
njector/injector.js:215:33)
      at TestingInjector.resolveComponentInstance (../node_modules/@nestjs/testin
g/testing-injector.js:19:45)
      at resolveParam (../node_modules/@nestjs/core/injector/injector.js:129:38)
          at async Promise.all (index 0)
      at TestingInjector.resolveConstructorParams (../node_modules/@nestjs/core/i
njector/injector.js:144:27)
      at TestingInjector.loadInstance (../node_modules/@nestjs/core/injector/inje
ctor.js:70:13)
      at TestingInjector.loadProvider (../node_modules/@nestjs/core/injector/inje
ctor.js:98:9)
      at ../node_modules/@nestjs/core/injector/instance-loader.js:56:13
          at async Promise.all (index 3)
      at TestingInstanceLoader.createInstancesOfProviders (../node_modules/@nestj
s/core/injector/instance-loader.js:55:9)
      at ../node_modules/@nestjs/core/injector/instance-loader.js:40:13
          at async Promise.all (index 1)
      at TestingInstanceLoader.createInstances (../node_modules/@nestjs/core/inje
ctor/instance-loader.js:39:9)
      at TestingInstanceLoader.createInstancesOfDependencies (../node_modules/@ne
stjs/core/injector/instance-loader.js:22:13)
      at TestingInstanceLoader.createInstancesOfDependencies (../node_modules/@ne
stjs/testing/testing-instance-loader.js:9:9)
      at TestingModuleBuilder.createInstancesOfDependencies (../node_modules/@nes
tjs/testing/testing-module.builder.js:118:9)
      at TestingModuleBuilder.compile (../node_modules/@nestjs/testing/testing-mo
dule.builder.js:74:9)
      at Object.<anonymous> (modules/upload/upload.service.spec.ts:8:35)

PASS src/modules/auth/auth.service.spec.ts (27.785 s)
  AuthService
    ΓêÜ should be defined (40 ms)
    login
      ΓêÜ should throw UnauthorizedException if user not found (19 ms)
      ΓêÜ should throw UnauthorizedException if password does not match (6 ms)
      ΓêÜ should throw UnauthorizedException if user is inactive (5 ms)
      ΓêÜ should return tokens and user if login is successful (7 ms)

FAIL src/modules/analytics/analytics.controller.spec.ts (27.911 s)
  AnalyticsController
    ├ù should be defined (25 ms)

  ΓùÅ AnalyticsController ΓÇ║ should be defined

    Nest can't resolve dependencies of the AnalyticsController (?). Please make s
ure that the argument AnalyticsService at index [0] is available in the RootTestM
odule context.

    Potential solutions:
    - Is RootTestModule a valid NestJS module?
    - If AnalyticsService is a provider, is it part of the current RootTestModule
?
    - If AnalyticsService is exported from a separate @Module, is that module imp
orted within RootTestModule?
      @Module({
        imports: [ /* the Module containing AnalyticsService */ ]
      })

    [0m [90m  6 |[39m
     [90m  7 |[39m   beforeEach([36masync[39m () [33m=>[39m {
    [31m[1m>[22m[39m[90m  8 |[39m     [36mconst[39m module[33m:[39m [3
3mTestingModule[39m [33m=[39m [36mawait[39m [33mTest[39m[33m.[39mcreateT
estingModule({
     [90m    |[39m                                   [31m[1m^[22m[39m
     [90m  9 |[39m       controllers[33m:[39m [[33mAnalyticsController[39m]
[33m,[39m
     [90m 10 |[39m     })[33m.[39mcompile()[33m;[39m
     [90m 11 |[39m[0m

      at TestingInjector.lookupComponentInParentModules (../node_modules/@nestjs/
core/injector/injector.js:262:19)
      at TestingInjector.resolveComponentInstance (../node_modules/@nestjs/core/i
njector/injector.js:215:33)
      at TestingInjector.resolveComponentInstance (../node_modules/@nestjs/testin
g/testing-injector.js:19:45)
      at resolveParam (../node_modules/@nestjs/core/injector/injector.js:129:38)
          at async Promise.all (index 0)
      at TestingInjector.resolveConstructorParams (../node_modules/@nestjs/core/i
njector/injector.js:144:27)
      at TestingInjector.loadInstance (../node_modules/@nestjs/core/injector/inje
ctor.js:70:13)
      at TestingInjector.loadController (../node_modules/@nestjs/core/injector/in
jector.js:89:9)
      at ../node_modules/@nestjs/core/injector/instance-loader.js:68:13
          at async Promise.all (index 0)
      at TestingInstanceLoader.createInstancesOfControllers (../node_modules/@nes
tjs/core/injector/instance-loader.js:67:9)
      at ../node_modules/@nestjs/core/injector/instance-loader.js:42:13
          at async Promise.all (index 1)
      at TestingInstanceLoader.createInstances (../node_modules/@nestjs/core/inje
ctor/instance-loader.js:39:9)
      at TestingInstanceLoader.createInstancesOfDependencies (../node_modules/@ne
stjs/core/injector/instance-loader.js:22:13)
      at TestingInstanceLoader.createInstancesOfDependencies (../node_modules/@ne
stjs/testing/testing-instance-loader.js:9:9)
      at TestingModuleBuilder.createInstancesOfDependencies (../node_modules/@nes
tjs/testing/testing-module.builder.js:118:9)
      at TestingModuleBuilder.compile (../node_modules/@nestjs/testing/testing-mo
dule.builder.js:74:9)
      at Object.<anonymous> (modules/analytics/analytics.controller.spec.ts:8:35)

FAIL src/modules/upload/upload.controller.spec.ts (28.236 s)
  UploadController
    ├ù should be defined (13 ms)

  ΓùÅ UploadController ΓÇ║ should be defined

    Nest can't resolve dependencies of the UploadController (?). Please make sure
 that the argument UploadService at index [0] is available in the RootTestModule 
context.

    Potential solutions:
    - Is RootTestModule a valid NestJS module?
    - If UploadService is a provider, is it part of the current RootTestModule?
    - If UploadService is exported from a separate @Module, is that module import
ed within RootTestModule?
      @Module({
        imports: [ /* the Module containing UploadService */ ]
      })

    [0m [90m  6 |[39m
     [90m  7 |[39m   beforeEach([36masync[39m () [33m=>[39m {
    [31m[1m>[22m[39m[90m  8 |[39m     [36mconst[39m module[33m:[39m [3
3mTestingModule[39m [33m=[39m [36mawait[39m [33mTest[39m[33m.[39mcreateT
estingModule({
     [90m    |[39m                                   [31m[1m^[22m[39m
     [90m  9 |[39m       controllers[33m:[39m [[33mUploadController[39m][3
3m,[39m
     [90m 10 |[39m     })[33m.[39mcompile()[33m;[39m
     [90m 11 |[39m[0m

      at TestingInjector.lookupComponentInParentModules (../node_modules/@nestjs/
core/injector/injector.js:262:19)
      at TestingInjector.resolveComponentInstance (../node_modules/@nestjs/core/i
njector/injector.js:215:33)
      at TestingInjector.resolveComponentInstance (../node_modules/@nestjs/testin
g/testing-injector.js:19:45)
      at resolveParam (../node_modules/@nestjs/core/injector/injector.js:129:38)
          at async Promise.all (index 0)
      at TestingInjector.resolveConstructorParams (../node_modules/@nestjs/core/i
njector/injector.js:144:27)
      at TestingInjector.loadInstance (../node_modules/@nestjs/core/injector/inje
ctor.js:70:13)
      at TestingInjector.loadController (../node_modules/@nestjs/core/injector/in
jector.js:89:9)
      at ../node_modules/@nestjs/core/injector/instance-loader.js:68:13
          at async Promise.all (index 0)
      at TestingInstanceLoader.createInstancesOfControllers (../node_modules/@nes
tjs/core/injector/instance-loader.js:67:9)
      at ../node_modules/@nestjs/core/injector/instance-loader.js:42:13
          at async Promise.all (index 1)
      at TestingInstanceLoader.createInstances (../node_modules/@nestjs/core/inje
ctor/instance-loader.js:39:9)
      at TestingInstanceLoader.createInstancesOfDependencies (../node_modules/@ne
stjs/core/injector/instance-loader.js:22:13)
      at TestingInstanceLoader.createInstancesOfDependencies (../node_modules/@ne
stjs/testing/testing-instance-loader.js:9:9)
      at TestingModuleBuilder.createInstancesOfDependencies (../node_modules/@nes
tjs/testing/testing-module.builder.js:118:9)
      at TestingModuleBuilder.compile (../node_modules/@nestjs/testing/testing-mo
dule.builder.js:74:9)
      at Object.<anonymous> (modules/upload/upload.controller.spec.ts:8:35)

Test Suites: 5 failed, 1 passed, 6 total
Tests:       5 failed, 5 passed, 10 total
Snapshots:   0 total
Time:        29.406 s
Ran all test suites.
